::group::Extract version
File broken-links.md is at version vX and commit 09f9e32
::endgroup::
::group::Linting Markdown
mdl -r MD032 /data/test/broken-links.md
::endgroup::
::group::Checking links
pandoc -f markdown+gfm_auto_identifiers --table-of-contents -s --no-highlight --lua-filter=/cabforum/filters/pandoc-list-table.lua --filter=/usr/bin/pantable -t gfm --lua-filter=/cabforum/filters/broken-links.lua -o /dev/null /data/test/broken-links.md
::error::Unable to resolve link to section-four
Valid identifiers are:

1-section-one
2-section-two
21-test
3-section-three
4-section-four
::endgroup::
